// Jest Snapshot v1, https://goo.gl/fbAQLP

exports[`Avatar Component should match the snapshot with  props 1`] = `
<View>
  <View
    style={
      [
        {},
        {},
        {
          "alignSelf": "flex-start",
          "position": "relative",
        },
      ]
    }
  >
    <Image
      collapsable={false}
      source={
        {
          "uri": "avatar.jpg",
        }
      }
      style={
        {
          "height": undefined,
          "width": undefined,
        }
      }
    />
  </View>
</View>
`;
