// Jest Snapshot v1, https://goo.gl/fbAQLP

exports[`Chip Component should match the snapshot with default props 1`] = `
<View
  style={
    {
      "alignSelf": "auto",
    }
  }
>
  <View
    accessibilityState={
      {
        "busy": undefined,
        "checked": undefined,
        "disabled": undefined,
        "expanded": undefined,
        "selected": undefined,
      }
    }
    accessible={true}
    collapsable={false}
    focusable={true}
    onClick={[Function]}
    onLayout={[Function]}
    onResponderGrant={[Function]}
    onResponderMove={[Function]}
    onResponderRelease={[Function]}
    onResponderTerminate={[Function]}
    onResponderTerminationRequest={[Function]}
    onStartShouldSetResponder={[Function]}
    pointerEvents="box-only"
    style={
      {
        "alignSelf": "flex-start",
        "backgroundColor": "#03A9F4",
        "borderRadius": 20,
        "overflow": "hidden",
        "paddingHorizontal": 10,
        "paddingVertical": 5,
        "transform": [
          {
            "scale": 1,
          },
        ],
      }
    }
  >
    <View
      style={
        {
          "alignItems": "center",
          "display": "flex",
          "flexDirection": "row",
          "gap": 10,
          "justifyContent": "center",
        }
      }
    >
      <Text
        collapsable={false}
        style={
          {
            "color": "#FAFAFA",
            "fontSize": 14,
          }
        }
      />
    </View>
    <View
      style={
        [
          {
            "backgroundColor": "transparent",
            "bottom": 0,
            "left": 0,
            "overflow": "hidden",
            "position": "absolute",
            "right": 0,
            "top": 0,
          },
          undefined,
        ]
      }
    />
  </View>
</View>
`;

exports[`Chip Component should render correctly with end icon 1`] = `[Function]`;

exports[`Chip Component should render correctly with start icon 1`] = `[Function]`;
