// Jest Snapshot v1, https://goo.gl/fbAQLP

exports[`DropDown Component should render correctly 1`] = `
<View
  collapsable={false}
  style={
    [
      undefined,
    ]
  }
>
  <View
    accessibilityState={
      {
        "busy": undefined,
        "checked": undefined,
        "disabled": undefined,
        "expanded": undefined,
        "selected": undefined,
      }
    }
    accessibilityValue={
      {
        "max": undefined,
        "min": undefined,
        "now": undefined,
        "text": undefined,
      }
    }
    accessible={true}
    collapsable={false}
    focusable={true}
    onClick={[Function]}
    onResponderGrant={[Function]}
    onResponderMove={[Function]}
    onResponderRelease={[Function]}
    onResponderTerminate={[Function]}
    onResponderTerminationRequest={[Function]}
    onStartShouldSetResponder={[Function]}
    style={
      {
        "opacity": 1,
      }
    }
  >
    <View
      style={
        {
          "alignItems": "center",
          "backgroundColor": "transparent",
          "borderColor": "#BDBDBD",
          "borderRadius": 5,
          "borderWidth": 0.6,
          "display": "flex",
          "flexDirection": "row",
          "opacity": 1,
          "paddingHorizontal": 14,
          "position": "relative",
          "width": "100%",
        }
      }
    >
      <View
        collapsable={false}
        style={
          {
            "backgroundColor": "#ffffff",
            "left": 8,
            "paddingHorizontal": 8,
            "position": "absolute",
            "top": "50%",
            "transform": [
              {
                "translateY": -5,
              },
              {
                "scale": 1,
              },
            ],
            "zIndex": 10,
          }
        }
      >
        <Text
          collapsable={false}
          onLayout={[Function]}
          style={
            {
              "color": "#424242",
              "fontSize": 14,
              "opacity": 1,
            }
          }
        >
          Drop down
        </Text>
      </View>
      <TextInput
        editable={false}
        onBlur={[Function]}
        onFocus={[Function]}
        onLayout={[Function]}
        pointerEvents="none"
        style={
          {
            "backgroundColor": "transparent",
            "color": "#424242",
            "flex": 1,
            "minHeight": 48,
            "position": "relative",
            "width": "100%",
            "zIndex": 12,
          }
        }
      />
    </View>
  </View>
</View>
`;
